# capture start 2026-09-30T00:00:24 board=atlas
[    0.01s] # port open
[   38.86s] ATLAS|PRESENCE|CODE_SHOWN|ADMIN
[   42.87s] ATLAS|PRESENCE|VERIFIED|600000
[   57.94s] ATLAS|SIGIL_OTA|UPLOAD|START
[   67.19s] ATLAS|SIGIL_OTA|UPLOAD|STAGED
[   67.19s] ATLAS|HEALTH|stations=1|{"uptimeMs":225257,"resetReason":"power_on","freeHeap":90280,"minimumFreeHeap":62004,"largestFreeBlock":77812,"loopStackFreeBytes":4156}
[   77.18s] ATLAS|SIGIL_OTA|JOB|1|offering|Waiting for the Sigil
[   77.18s] ATLAS|SIGIL_OTA|JOB|1|accepted|Joining Atlas's Wi-Fi
[   77.18s] ATLAS|HEALTH|stations=2|{"uptimeMs":235258,"resetReason":"power_on","freeHeap":90100,"minimumFreeHeap":62004,"largestFreeBlock":81908,"loopStackFreeBytes":4156}
[   84.56s] ATLAS|SIGIL_OTA|JOB|1|downloading|Downloading
[   85.05s] ATLAS|SIGIL_OTA|JOB|1|installed|Installed; the Sigil is restarting
[   85.38s] ATLAS|HEALTH|stations=1|{"uptimeMs":243467,"resetReason":"power_on","freeHeap":92176,"minimumFreeHeap":62004,"largestFreeBlock":81908,"loopStackFreeBytes":4156}
[   92.95s] ATLAS|SIGIL|INFO|1|THS-020000000002|FW|0.8.2|CAPS|0x6F
[   93.96s] ATLAS|PROFILE|TRANSIENT_SEATS|CLEARED|1
[   93.96s] ATLAS|DISPLAY_PROFILE|SYNC|SIGIL|1|A||B|
[   94.95s] ATLAS|SIGIL_OTA|JOB|1|done|Updated
[  109.14s] ATLAS|SIGIL_OTA|UPLOAD|START
[  117.41s] ATLAS|SIGIL_OTA|UPLOAD|STAGED
[  121.33s] ATLAS|SIGIL_OTA|JOB|0|offering|Waiting for the Sigil
[  121.33s] ATLAS|SIGIL_OTA|JOB|0|accepted|Joining Atlas's Wi-Fi
[  121.33s] ATLAS|HEALTH|stations=2|{"uptimeMs":279405,"resetReason":"power_on","freeHeap":90312,"minimumFreeHeap":62004,"largestFreeBlock":73716,"loopStackFreeBytes":4156}
[  129.69s] ATLAS|SIGIL_OTA|JOB|0|downloading|Downloading
[  130.10s] ATLAS|SIGIL_OTA|JOB|0|installed|Installed; the Sigil is restarting
[  130.50s] ATLAS|HEALTH|stations=1|{"uptimeMs":288580,"resetReason":"power_on","freeHeap":92120,"minimumFreeHeap":62004,"largestFreeBlock":73716,"loopStackFreeBytes":4156}
[  134.47s] ATLAS|SIGIL|INFO|0|THS-020000000003|FW|0.8.2|CAPS|0x7F
[  135.48s] ATLAS|PROFILE|TRANSIENT_SEATS|CLEARED|0
[  135.48s] ATLAS|DISPLAY_PROFILE|SYNC|SIGIL|0|A||B|
[  136.47s] ATLAS|SIGIL_OTA|JOB|0|done|Updated
[  160.16s] # capture end
