[   1.17s] --- reset issued ---
[   1.41s] ets Jul 29 2019 12:21:46
[   1.41s] 
[   1.41s] rst:0x1 (POWERON_RESET),boot:0x17 (SPI_FAST_FLASH_BOOT)
[   1.41s] configsip: 0, SPIWP:0xee
[   1.41s] clk_drv:0x00,q_drv:0x00,d_drv:0x00,cs0_drv:0x00,hd_drv:0x00,wp_drv:0x00
[   1.41s] mode:DIO, clock div:2
[   1.41s] load:0x3fff0030,len:1184
[   1.41s] load:0x40078000,len:13232
[   1.41s] load:0x40080400,len:3028
[   1.41s] entry 0x400805e4
[   2.28s] ATLAS|TOUCH|CALIBRATION|LOADED|swap=0|x=203..3689|y=308..3887
[   2.70s] ATLAS|DISPLAY|FONTS|BRASS
[   2.70s] ATLAS|DISPLAY|SPLASH
[   2.70s] 
[   2.70s] ATLAS|BOOT|0.6.0-dev
[   2.70s] ATLAS|FW_PRODUCT|1
[   2.70s] ATLAS|RESET_REASON|power_on
[   2.70s] ATLAS|DIAGNOSTICS|{"uptimeMs":709,"resetReason":"power_on","freeHeap":190196,"minimumFreeHeap":184768,"largestFreeBlock":110580,"loopStackFreeBytes":6108}
[   2.70s] ATLAS|HEAP|DISPLAY|free=190196|largest=110580
[   5.07s] ATLAS|SECURE_LINK|SELF_TEST|PASS|1678ms
[   5.07s] ATLAS|HEAP|SECURE_LINK|free=189996|largest=110580
[   5.07s] ATLAS|SD|MOUNTED|SDHC/SDXC|7580MB
[   5.07s] ATLAS|SD|SELF_TEST|OK
[   5.07s] ATLAS|HEAP|SD_CARD|free=168892|largest=110580
[   5.07s] ATLAS|INTENT|MODERATE|BOUND
[   5.07s] ATLAS|INTENT|CONFIGURE_GAME|BOUND
[   5.07s] ATLAS|INTENT|CHANGE_LIFE|BOUND
[   5.07s] ATLAS|INTENT|PASS|BOUND
[   5.07s] ATLAS|INTENT|PAUSE|BOUND
[   5.07s] ATLAS|INTENT|RESUME|BOUND
[   5.07s] ATLAS|INTENT|CONCEDE|BOUND
[   5.07s] ATLAS|INTENT|TOGGLE_PAUSE|BOUND
[   5.07s] ATLAS|INTENT|CLAIM_WIN|BOUND
[   5.07s] ATLAS|INTENT|CONFIRM_WIN|BOUND
[   5.07s] ATLAS|INTENT|DENY_WIN|BOUND
[   5.07s] ATLAS|INTENT|SELECT_STARTER|BOUND
[   5.07s] ATLAS|INTENT|JOIN|BOUND
[   5.07s] ATLAS|INTENT|LEAVE|BOUND
[   5.07s] ATLAS|INTENT|JOIN_PROFILE|BOUND
[   5.07s] ATLAS|INTENT|LEAVE_PROFILE|BOUND
[   5.07s] ATLAS|INTENT|BIND_PROFILE|BOUND
[   5.07s] ATLAS|INTENT|PICK_PROFILE|BOUND
[   5.07s] ATLAS|INTENT|ARM_START|BOUND
[   5.07s] ATLAS|INTENT|START_GAME|BOUND
[   5.07s] ATLAS|INTENT|CANCEL_START|BOUND
[   5.07s] ATLAS|INTENT|COMPLETE_START|BOUND
[   5.07s] ATLAS|INTENT|REMATCH|BOUND
[   5.07s] ATLAS|INTENT|RESET_GAME|BOUND
[   5.07s] ATLAS|INTENT|BEGIN_ELIMINATION|BOUND
[   5.07s] ATLAS|INTENT|CYCLE_ELIMINATION|BOUND
[   5.07s] ATLAS|INTENT|CANCEL_ELIMINATION|BOUND
[   5.07s] ATLAS|INTENT|ELIMINATE|BOUND
[   5.07s] ATLAS|INTENT|CANCEL_PASS|BOUND
[   5.07s] ATLAS|INTENT|COMMIT_PASS|BOUND
[   5.07s] ATLAS|INTENT|PAIR_REQUEST|BOUND
[   5.07s] ATLAS|INTENT|REQUEST_LIFE_CHANGE|BOUND
[   5.07s] ATLAS|INTENT|RESPOND_LIFE_CHANGE|BOUND
[   5.07s] ATLAS|INTENT|EXPIRE_LIFE_CHANGES|BOUND
[   5.07s] ATLAS|INTENT|CHANGE_COUNTER|BOUND
[   5.07s] ATLAS|INTENT|END_MATCH|BOUND
[   5.07s] ATLAS|INTENT|MASTER_PASS|BOUND
[   5.07s] ATLAS|INTENT|FORGET_PAIRING|BOUND
[   5.07s] ATLAS|INTENT|PAIR_CONFIRM|BOUND
[   5.07s] ATLAS|INTENT|CONFIGURE_PAIRING|BOUND
[   5.07s] ATLAS|INTENT|CONFIGURE_SPEAKER|BOUND
[   5.07s] ATLAS|INTENT|RESET_TABLE|BOUND
[   5.07s] ATLAS|INTENT|FACTORY_RESET|BOUND
[   5.07s] ATLAS|INTENT|UPDATE_SIGIL|BOUND
[   5.07s] ATLAS|INTENT|MOVE_SEAT|BOUND
[   5.07s] ATLAS|RECOVERY|INIT
[   5.07s] ATLAS|RECOVERY|OPEN|STATUS|OK
[   5.07s] ATLAS|RECOVERY|READ|STATUS|OK|SIZE|39
[   5.07s] ATLAS|RECOVERY|DECODE|STATUS|OK
[   5.07s] ATLAS|RECOVERY|RESTORE|OK|PLAYERS|0|OVER|0
[   5.07s] ATLAS|RECOVERY|OUTCOME|EMPTY_RECORD
[   5.07s] ATLAS|HEAP|PROFILES_AND_RECOVERY|free=168664|largest=110580
[   5.07s] ATLAS|SPEAKER|READY
[   5.07s] ATLAS|HEAP|SPEAKER|free=168592|largest=110580
[   5.07s] ATLAS|WIFI_AP|PASSWORD_STORE|DEFAULT
[   5.07s] ATLAS|WIFI_AP|READY|TurnHub-Atlas|192.168.4.1
[   5.07s] ATLAS|WIFI_AP|SECURITY|WPA2-PSK
[   5.07s] ATLAS|WIFI_AP|PASSWORD|<redacted>
[   5.07s] ATLAS|MAC|02:00:00:00:00:01
[   5.07s] ATLAS|HEAP|WIFI_AP|free=114600|largest=110580
[   5.07s] ATLAS|ESP_NOW|READY
[   5.07s] ATLAS|HEAP|ESP_NOW|free=101752|largest=98292
[   5.07s] ATLAS|PARTITION|RUNNING|app0|ADDRESS|0x10000|SIZE|1966080
[   5.07s] ATLAS|PARTITION|BOOT|app0|ADDRESS|0x10000|SIZE|1966080
[   5.07s] ATLAS|PARTITION|NEXT_OTA|app1|ADDRESS|0x1F0000|SIZE|1966080
[   5.07s] ATLAS|PARTITION|BOOT_MATCHES_RUNNING|YES
[   5.07s] ATLAS|WEB_API|READY|PROFILES|YES
[   5.07s] ATLAS|HEAP|WEB|free=99096|largest=98292
[   5.07s] ATLAS|WEB|READY
[   5.07s] ATLAS|READY
[   5.07s] ATLAS|ACCESSIBILITY|SIGIL|0|SOUND|ON|LEDS|standard|HOLD_MS|2000|5000
[   5.07s] ATLAS|HEALTH|stations=0|{"uptimeMs":2973,"resetReason":"power_on","freeHeap":99044,"minimumFreeHeap":98864,"largestFreeBlock":98292,"loopStackFreeBytes":4656}
[   5.07s] ATLAS|ACCESSIBILITY|SIGIL|1|SOUND|ON|LEDS|standard|HOLD_MS|2000|5000
[   5.32s] ATLAS|ACCESSIBILITY|SIGIL|2|SOUND|ON|LEDS|standard|HOLD_MS|2000|5000
[   5.83s] ATLAS|SD|LOG|READY
[   5.83s] ATLAS|ACCESSIBILITY|SIGIL|3|SOUND|ON|LEDS|standard|HOLD_MS|2000|5000
[   5.83s] ATLAS|SIGIL|INFO|0|THS-020000000003|FW|0.8.1|CAPS|0x7F
[   5.83s] ATLAS|ACCESSIBILITY|SIGIL|4|SOUND|ON|LEDS|standard|HOLD_MS|2000|5000
[   6.08s] ATLAS|ACCESSIBILITY|SIGIL|5|SOUND|ON|LEDS|standard|HOLD_MS|2000|5000
[   6.33s] ATLAS|ACCESSIBILITY|SIGIL|6|SOUND|ON|LEDS|standard|HOLD_MS|2000|5000
[   6.58s] ATLAS|ACCESSIBILITY|SIGIL|7|SOUND|ON|LEDS|standard|HOLD_MS|2000|5000
[  11.79s] ATLAS|SIGIL|INFO|1|THS-020000000002|FW|0.8.1|CAPS|0x6F
[  12.34s] ATLAS|PROFILE|TRANSIENT_SEATS|CLEARED|0
[  12.34s] ATLAS|DISPLAY_PROFILE|SYNC|SIGIL|0|A||B|
[  12.79s] ATLAS|PROFILE|TRANSIENT_SEATS|CLEARED|1
[  12.79s] ATLAS|DISPLAY_PROFILE|SYNC|SIGIL|1|A||B|
[  38.28s] ATLAS|HEALTH|stations=1|{"uptimeMs":36315,"resetReason":"power_on","freeHeap":96760,"minimumFreeHeap":94088,"largestFreeBlock":94196,"loopStackFreeBytes":4428}
