# Atlas serial, 20 s capture right after flashing Atlas, Sigil 0.9.0 (e-ink and OLED) and harness 0.9.0
# with the baseline-Sigil firmware (branch oobe-polish, 662c408), 2026-09-30. CAPS is the decoded Hello
# capability byte: 0x11 = OLED + d-pad, 0x0 = e-paper + thumbstick.
ets Jul 29 2019 12:21:46
rst:0x1 (POWERON_RESET),boot:0x17 (SPI_FAST_FLASH_BOOT)
configsip: 0, SPIWP:0xee
clk_drv:0x00,q_drv:0x00,d_drv:0x00,cs0_drv:0x00,hd_drv:0x00,wp_drv:0x00
mode:DIO, clock div:2
load:0x3fff0030,len:1184
load:0x40078000,len:13232
load:0x40080400,len:3028
entry 0x400805e4
ATLAS|TOUCH|CALIBRATION|LOADED|swap=0|x=201..3663|y=312..3917
ATLAS|DISPLAY|FONTS|BRASS
ATLAS|DISPLAY|SPLASH
ATLAS|BOOT|0.6.0-dev
ATLAS|FW_PRODUCT|1
ATLAS|RESET_REASON|power_on
ATLAS|DIAGNOSTICS|{"uptimeMs":712,"resetReason":"power_on","freeHeap":192088,"minimumFreeHeap":186528,"largestFreeBlock":110580,"loopStackFreeBytes":6092}
ATLAS|HEAP|DISPLAY|free=192088|largest=110580
ATLAS|SECURE_LINK|SELF_TEST|PASS|2022ms
ATLAS|HEAP|SECURE_LINK|free=191888|largest=110580
ATLAS|SD|MOUNTED|SDHC/SDXC|7580MB
ATLAS|SD|SELF_TEST|OK
ATLAS|HEAP|SD_CARD|free=170780|largest=110580
ATLAS|INTENT|MODERATE|BOUND
ATLAS|INTENT|CONFIGURE_GAME|BOUND
ATLAS|INTENT|CHANGE_LIFE|BOUND
ATLAS|INTENT|PASS|BOUND
ATLAS|INTENT|PAUSE|BOUND
ATLAS|INTENT|RESUME|BOUND
ATLAS|INTENT|CONCEDE|BOUND
ATLAS|INTENT|TOGGLE_PAUSE|BOUND
ATLAS|INTENT|CLAIM_WIN|BOUND
ATLAS|INTENT|CONFIRM_WIN|BOUND
ATLAS|INTENT|DENY_WIN|BOUND
ATLAS|INTENT|SELECT_STARTER|BOUND
ATLAS|INTENT|JOIN|BOUND
ATLAS|INTENT|LEAVE|BOUND
ATLAS|INTENT|JOIN_PROFILE|BOUND
ATLAS|INTENT|LEAVE_PROFILE|BOUND
ATLAS|INTENT|BIND_PROFILE|BOUND
ATLAS|INTENT|PICK_PROFILE|BOUND
ATLAS|INTENT|ARM_START|BOUND
ATLAS|INTENT|START_GAME|BOUND
ATLAS|INTENT|CANCEL_START|BOUND
ATLAS|INTENT|COMPLETE_START|BOUND
ATLAS|INTENT|REMATCH|BOUND
ATLAS|INTENT|RESET_GAME|BOUND
ATLAS|INTENT|BEGIN_ELIMINATION|BOUND
ATLAS|INTENT|CYCLE_ELIMINATION|BOUND
ATLAS|INTENT|CANCEL_ELIMINATION|BOUND
ATLAS|INTENT|ELIMINATE|BOUND
ATLAS|INTENT|CANCEL_PASS|BOUND
ATLAS|INTENT|COMMIT_PASS|BOUND
ATLAS|INTENT|PAIR_REQUEST|BOUND
ATLAS|INTENT|REQUEST_LIFE_CHANGE|BOUND
ATLAS|INTENT|RESPOND_LIFE_CHANGE|BOUND
ATLAS|INTENT|EXPIRE_LIFE_CHANGES|BOUND
ATLAS|INTENT|CHANGE_COUNTER|BOUND
ATLAS|INTENT|END_MATCH|BOUND
ATLAS|INTENT|MASTER_PASS|BOUND
ATLAS|INTENT|FORGET_PAIRING|BOUND
ATLAS|INTENT|PAIR_CONFIRM|BOUND
ATLAS|INTENT|CONFIGURE_PAIRING|BOUND
ATLAS|INTENT|CONFIGURE_SPEAKER|BOUND
ATLAS|INTENT|RESET_TABLE|BOUND
ATLAS|INTENT|FACTORY_RESET|BOUND
ATLAS|INTENT|UPDATE_SIGIL|BOUND
ATLAS|INTENT|MOVE_SEAT|BOUND
ATLAS|INTENT|ADVANCE_SETUP|BOUND
ATLAS|RECOVERY|INIT
ATLAS|RECOVERY|OPEN|STATUS|OK
ATLAS|RECOVERY|READ|STATUS|OK|SIZE|39
ATLAS|RECOVERY|DECODE|STATUS|OK
ATLAS|RECOVERY|RESTORE|OK|PLAYERS|0|OVER|0
ATLAS|RECOVERY|OUTCOME|EMPTY_RECORD
ATLAS|HEAP|PROFILES_AND_RECOVERY|free=170556|largest=110580
ATLAS|SETUP|STAGE|complete
ATLAS|SPEAKER|READY
ATLAS|HEAP|SPEAKER|free=170484|largest=110580
ATLAS|WIFI_AP|PASSWORD_STORE|LOADED
ATLAS|WIFI_AP|READY|TurnHub-Atlas|192.168.4.1
ATLAS|WIFI_AP|SECURITY|WPA2-PSK
ATLAS|WIFI_AP|PASSWORD|Nattwenty
ATLAS|MAC|B4:BF:E9:12:85:74
ATLAS|HEAP|WIFI_AP|free=116480|largest=110580
ATLAS|ESP_NOW|READY
ATLAS|HEAP|ESP_NOW|free=103624|largest=102388
ATLAS|PARTITION|RUNNING|app0|ADDRESS|0x10000|SIZE|1966080
ATLAS|PARTITION|BOOT|app0|ADDRESS|0x10000|SIZE|1966080
ATLAS|PARTITION|NEXT_OTA|app1|ADDRESS|0x1F0000|SIZE|1966080
ATLAS|PARTITION|BOOT_MATCHES_RUNNING|YES
ATLAS|WEB_API|READY|PROFILES|YES
ATLAS|SD|LOG|READY
ATLAS|HEAP|WEB|free=100832|largest=98292
ATLAS|WEB|READY
ATLAS|READY
ATLAS|SIGIL|INFO|0|THS-20E7C8944980|FW|0.9.0|CAPS|0x11
ATLAS|ACCESSIBILITY|SIGIL|0|SOUND|ON|LEDS|standard|HOLD_MS|2000|5000
ATLAS|HEALTH|stations=0|{"uptimeMs":4458,"resetReason":"power_on","freeHeap":100528,"minimumFreeHeap":97272,"largestFreeBlock":98292,"loopStackFreeBytes":3964}
ATLAS|ACCESSIBILITY|SIGIL|1|SOUND|ON|LEDS|standard|HOLD_MS|2000|5000
ATLAS|ACCESSIBILITY|SIGIL|2|SOUND|ON|LEDS|standard|HOLD_MS|2000|5000
ATLAS|ACCESSIBILITY|SIGIL|3|SOUND|ON|LEDS|standard|HOLD_MS|2000|5000
ATLAS|SIGIL|INFO|1|THS-F4650BC4FF38|FW|0.9.0|CAPS|0x0
ATLAS|ACCESSIBILITY|SIGIL|4|SOUND|ON|LEDS|standard|HOLD_MS|2000|5000
ATLAS|ACCESSIBILITY|SIGIL|5|SOUND|ON|LEDS|standard|HOLD_MS|2000|5000
ATLAS|ACCESSIBILITY|SIGIL|6|SOUND|ON|LEDS|standard|HOLD_MS|2000|5000
ATLAS|ACCESSIBILITY|SIGIL|7|SOUND|ON|LEDS|standard|HOLD_MS|2000|5000
ATLAS|TOUCH|RAW|2003|3490|SCREEN|166|210
ATLAS|TOUCH|OPEN_MENU
ATLAS|TOUCH|RAW|1316|3363|SCREEN|102|202
ATLAS|TOUCH|OPEN_INFO
ATLAS|TOUCH|RAW|3288|3283|SCREEN|284|196
ATLAS|TOUCH|CLOSE_SCREEN
