# capture start 2026-09-30T00:00:24 board=sigil-eink
[    0.02s] # port open
[    1.53s] SIGIL|ACK|HELLO
[    3.65s] SIGIL|ACK|HELLO
[    5.49s] SIGIL|ACK|HELLO
[    7.61s] SIGIL|ACK|HELLO
[    9.73s] SIGIL|ACK|HELLO
[   11.55s] SIGIL|ACK|HELLO
[   13.68s] SIGIL|ACK|HELLO
[   15.52s] SIGIL|ACK|HELLO
[   17.63s] SIGIL|ACK|HELLO
[   19.47s] SIGIL|ACK|HELLO
[   21.64s] SIGIL|ACK|HELLO
[   23.50s] SIGIL|ACK|HELLO
[   25.62s] SIGIL|ACK|HELLO
[   27.47s] SIGIL|ACK|HELLO
[   29.60s] SIGIL|ACK|HELLO
[   31.74s] SIGIL|ACK|HELLO
[   33.54s] SIGIL|ACK|HELLO
[   35.70s] SIGIL|ACK|HELLO
[   37.51s] SIGIL|ACK|HELLO
[   39.63s] SIGIL|ACK|HELLO
[   41.76s] SIGIL|ACK|HELLO
[   43.57s] SIGIL|ACK|HELLO
[   45.71s] SIGIL|ACK|HELLO
[   47.53s] SIGIL|ACK|HELLO
[   49.66s] SIGIL|ACK|HELLO
[   51.48s] SIGIL|ACK|HELLO
[   53.59s] SIGIL|ACK|HELLO
[   55.72s] SIGIL|ACK|HELLO
[   57.54s] SIGIL|ACK|HELLO
[   64.50s] SIGIL|ATLAS|LOST
[   66.93s] _Update_Full : 2274559
[   67.23s] SIGIL|SECURE|SESSION_READY
[   67.23s] SIGIL|ATLAS|RESTORED
[   67.23s] SIGIL|DISPLAY|STATE|1|1
[   67.54s] SIGIL|ACK|HELLO
[   69.36s] _Update_Full : 2274845
[   69.67s] SIGIL|ACK|HELLO
[   71.49s] SIGIL|ACK|HELLO
[   73.61s] SIGIL|ACK|HELLO
[   75.74s] SIGIL|ACK|HELLO
[   76.64s] SIGIL|OTA|ACCEPTED|0.8.2|928672
[   77.25s] SIGIL|OTA|WIFI|192.168.4.3
[   79.08s] _Update_Full : 2281000
[   81.53s] _Update_Full : 2274169
[   84.27s] _Update_Full : 2274003
[   84.89s] SIGIL|OTA|INSTALLED|0.8.2
[   85.50s] ets Jul 29 2019 12:21:46
[   85.50s] 
[   85.50s] rst:0xc (SW_CPU_RESET),boot:0x13 (SPI_FAST_FLASH_BOOT)
[   85.50s] configsip: 0, SPIWP:0xee
[   85.50s] clk_drv:0x00,q_drv:0x00,d_drv:0x00,cs0_drv:0x00,hd_drv:0x00,wp_drv:0x00
[   85.50s] mode:DIO, clock div:2
[   85.50s] load:0x3fff0030,len:1184
[   85.50s] load:0x40078000,len:13232
[   85.50s] load:0x40080400,len:3028
[   85.50s] entry 0x400805e4
[   86.11s] SIGIL|HW|EINK
[   86.41s] SIGIL|JOYSTICK|READY|CENTER|2714|2670
[   86.41s] 
[   86.41s] SIGIL|BOOT|UNASSIGNED|UNIFIED
[   87.94s] SIGIL|SECURE_LINK|SELF_TEST|PASS|1617ms
[   87.94s] SIGIL|PAIR|LOADED|SECURE
[   87.94s] SIGIL|DISPLAY|READY|122x250|ROTATION|0
[   87.94s] SIGIL|DISPLAY|POLICY|FULL_ONLY
[   87.94s] SIGIL|PAIR|READY|GPIO|0|UP
[   90.38s] _Update_Full : 2274000
[   92.52s] _Update_Full : 2273996
[   92.52s] SIGIL|DISPLAY|TASK|READY
[   92.82s] SIGIL|MAC|F4:65:0B:C4:FF:38
[   92.82s] SIGIL|FW|0.8.1-dev
[   92.82s] SIGIL|FW_PRODUCT|2
[   92.82s] SIGIL|ESP_NOW|READY
[   92.82s] SIGIL|READY
[   92.82s] SIGIL|OTA|BOOT|PENDING_VERIFY
[   92.82s] SIGIL|DISPLAY_PROFILE|REQUEST|1
[   92.82s] SIGIL|SECURE|SESSION_READY
[   92.82s] SIGIL|OTA|BOOT|VALID
[   92.82s] SIGIL|DISPLAY|ASSIGNED|1
[   93.74s] SIGIL|DISPLAY_PROFILE|REQUEST|2
[   93.74s] SIGIL|ACK|9
[   93.74s] SIGIL|DISPLAY_PROFILE|SEAT|A|READY
[   93.74s] SIGIL|DISPLAY_PROFILE|SEAT|B|READY
[   93.74s] SIGIL|DISPLAY_PROFILE|SYNC|COMPLETE
[   94.66s] SIGIL|ACK|HELLO
[   95.27s] _Update_Full : 2273982
[   96.79s] SIGIL|ACK|HELLO
[   98.93s] SIGIL|ACK|HELLO
[  100.76s] SIGIL|ACK|HELLO
[  102.89s] SIGIL|ACK|HELLO
[  104.72s] SIGIL|ACK|HELLO
[  106.84s] SIGIL|ACK|HELLO
[  108.65s] SIGIL|ACK|HELLO
[  115.92s] SIGIL|ATLAS|LOST
[  117.44s] SIGIL|SECURE|SESSION_READY
[  117.44s] SIGIL|ATLAS|RESTORED
[  118.35s] _Update_Full : 2274594
[  118.35s] SIGIL|DISPLAY|STATE|1|1
[  118.65s] SIGIL|ACK|HELLO
[  120.78s] _Update_Full : 2274372
[  120.78s] SIGIL|ACK|HELLO
[  122.92s] SIGIL|ACK|HELLO
[  124.74s] SIGIL|ACK|HELLO
[  126.88s] SIGIL|ACK|HELLO
[  128.71s] SIGIL|ACK|HELLO
[  130.84s] SIGIL|ACK|HELLO
[  132.67s] SIGIL|ACK|HELLO
[  134.80s] SIGIL|ACK|HELLO
[  136.93s] SIGIL|ACK|HELLO
[  138.75s] SIGIL|ACK|HELLO
[  140.88s] SIGIL|ACK|HELLO
[  142.69s] SIGIL|ACK|HELLO
[  144.84s] SIGIL|ACK|HELLO
[  146.68s] SIGIL|ACK|HELLO
[  148.82s] SIGIL|ACK|HELLO
[  150.95s] SIGIL|ACK|HELLO
[  152.79s] SIGIL|ACK|HELLO
[  154.92s] SIGIL|ACK|HELLO
[  156.76s] SIGIL|ACK|HELLO
[  158.88s] SIGIL|ACK|HELLO
[  160.39s] # capture end
