[   4.32s] --- reset issued ---
[   4.53s] ets Jul 29 2019 12:21:46
[   4.53s] 
[   4.53s] rst:0x1 (POWERON_RESET),boot:0x13 (SPI_FAST_FLASH_BOOT)
[   4.53s] configsip: 0, SPIWP:0xee
[   4.53s] clk_drv:0x00,q_drv:0x00,d_drv:0x00,cs0_drv:0x00,hd_drv:0x00,wp_drv:0x00
[   4.53s] mode:DIO, clock div:2
[   4.53s] load:0x3fff0030,len:1184
[   4.53s] load:0x40078000,len:13232
[   4.53s] load:0x40080400,len:3028
[   4.53s] entry 0x400805e4
[   5.13s] SIGIL|HW|EINK
[   5.13s] SIGIL|JOYSTICK|READY|CENTER|2711|2670
[   5.13s] 
[   5.13s] SIGIL|BOOT|UNASSIGNED|UNIFIED
[   6.78s] SIGIL|SECURE_LINK|SELF_TEST|PASS|1620ms
[   6.78s] SIGIL|PAIR|LOADED|SECURE
[   6.78s] SIGIL|DISPLAY|READY|122x250|ROTATION|0
[   6.78s] SIGIL|DISPLAY|POLICY|FULL_ONLY
[   6.78s] SIGIL|PAIR|READY|GPIO|0|UP
[   9.07s] _Update_Full : 2274000
[  11.52s] _Update_Full : 2273996
[  11.52s] SIGIL|DISPLAY|TASK|READY
[  11.72s] SIGIL|MAC|F4:65:0B:C4:FF:38
[  11.72s] SIGIL|FW|0.8.1-dev
[  11.72s] SIGIL|FW_PRODUCT|2
[  11.72s] SIGIL|ESP_NOW|READY
[  11.72s] SIGIL|READY
[  11.72s] SIGIL|DISPLAY_PROFILE|REQUEST|1
[  11.72s] SIGIL|SECURE|SESSION_READY
[  11.72s] SIGIL|DISPLAY|ASSIGNED|1
[  12.74s] SIGIL|DISPLAY_PROFILE|REQUEST|2
[  12.74s] SIGIL|ACK|9
[  12.74s] SIGIL|DISPLAY_PROFILE|SEAT|A|READY
[  12.74s] SIGIL|DISPLAY_PROFILE|SEAT|B|READY
[  12.74s] SIGIL|DISPLAY_PROFILE|SYNC|COMPLETE
[  13.76s] SIGIL|ACK|HELLO
[  14.17s] _Update_Full : 2274565
[  15.63s] SIGIL|ACK|HELLO
[  17.68s] SIGIL|ACK|HELLO
[  19.71s] SIGIL|ACK|HELLO
[  21.77s] SIGIL|ACK|HELLO
[  23.62s] SIGIL|ACK|HELLO
[  25.69s] SIGIL|ACK|HELLO
[  27.71s] SIGIL|ACK|HELLO
[  29.76s] SIGIL|ACK|HELLO
[  31.62s] SIGIL|ACK|HELLO
[  33.64s] SIGIL|ACK|HELLO
[  35.70s] SIGIL|ACK|HELLO
[  37.72s] SIGIL|ACK|HELLO
[  39.75s] SIGIL|ACK|HELLO
[  41.77s] SIGIL|ACK|HELLO
[  43.60s] SIGIL|ACK|HELLO
[  45.62s] SIGIL|ACK|HELLO
