[   5.55s] SIGIL|SECURE|SESSION_READY
[   7.48s] --- reset issued ---
[   7.60s] ets Jul 29 2019 12:21:46
[   7.60s] 
[   7.60s] rst:0x1 (POWERON_RESET),boot:0x13 (SPI_FAST_FLASH_BOOT)
[   7.60s] configsip: 0, SPIWP:0xee
[   7.60s] clk_drv:0x00,q_drv:0x00,d_drv:0x00,cs0_drv:0x00,hd_drv:0x00,wp_drv:0x00
[   7.60s] mode:DIO, clock div:2
[   7.60s] load:0x3fff0030,len:1184
[   7.60s] load:0x40078000,len:13232
[   7.60s] load:0x40080400,len:3028
[   7.60s] entry 0x400805e4
[   8.22s] SIGIL|HW|OLED
[   8.22s] 
[   8.22s] SIGIL|BOOT|UNASSIGNED|UNIFIED
[   9.87s] SIGIL|SECURE_LINK|SELF_TEST|PASS|1617ms
[   9.87s] SIGIL|PAIR|LOADED|SECURE
[  10.07s] SIGIL|DISPLAY|OLED|READY|128x64|ROTATION|0
[  11.11s] SIGIL|PAIR|READY|GPIO|0|UP
[  11.11s] SIGIL|DISPLAY|TASK|READY
[  11.31s] SIGIL|MAC|20:E7:C8:94:49:80
[  11.31s] SIGIL|FW|0.8.1-dev
[  11.31s] SIGIL|FW_PRODUCT|3
[  11.31s] SIGIL|ESP_NOW|READY
[  11.31s] SIGIL|READY
[  11.31s] SIGIL|DISPLAY|ASSIGNED|0
[  11.31s] SIGIL|DISPLAY_PROFILE|REQUEST|1
[  11.31s] SIGIL|SECURE|SESSION_READY
[  11.31s] SIGIL|DISPLAY|STATE|0|1
[  12.12s] SIGIL|DISPLAY_PROFILE|REQUEST|2
[  12.34s] SIGIL|ACK|9
[  12.34s] SIGIL|DISPLAY_PROFILE|SEAT|A|READY
[  12.34s] SIGIL|DISPLAY_PROFILE|SEAT|B|READY
[  12.34s] SIGIL|DISPLAY_PROFILE|SYNC|COMPLETE
[  13.16s] SIGIL|ACK|HELLO
[  15.21s] SIGIL|ACK|HELLO
[  17.24s] SIGIL|ACK|HELLO
[  19.30s] SIGIL|ACK|HELLO
[  21.13s] SIGIL|ACK|HELLO
[  23.17s] SIGIL|ACK|HELLO
[  25.20s] SIGIL|ACK|HELLO
[  27.25s] SIGIL|ACK|HELLO
[  29.34s] SIGIL|ACK|HELLO
[  31.21s] SIGIL|ACK|HELLO
[  33.24s] SIGIL|ACK|HELLO
[  35.28s] SIGIL|ACK|HELLO
[  37.31s] SIGIL|ACK|HELLO
[  39.13s] SIGIL|ACK|HELLO
[  41.15s] SIGIL|ACK|HELLO
[  43.22s] SIGIL|ACK|HELLO
[  45.27s] SIGIL|ACK|HELLO
