# capture start 2026-09-30T00:00:24 board=sigil-oled
[    0.02s] # port open
[    1.23s] SIGIL|ACK|HELLO
[    3.04s] SIGIL|ACK|HELLO
[    5.17s] SIGIL|ACK|HELLO
[    7.01s] SIGIL|ACK|HELLO
[    9.14s] SIGIL|ACK|HELLO
[   11.28s] SIGIL|ACK|HELLO
[   13.11s] SIGIL|ACK|HELLO
[   15.25s] SIGIL|ACK|HELLO
[   17.08s] SIGIL|ACK|HELLO
[   19.24s] SIGIL|ACK|HELLO
[   21.08s] SIGIL|ACK|HELLO
[   23.22s] SIGIL|ACK|HELLO
[   25.08s] SIGIL|ACK|HELLO
[   27.23s] SIGIL|ACK|HELLO
[   29.07s] SIGIL|ACK|HELLO
[   31.20s] SIGIL|ACK|HELLO
[   33.02s] SIGIL|ACK|HELLO
[   35.14s] SIGIL|ACK|HELLO
[   37.27s] SIGIL|ACK|HELLO
[   39.08s] SIGIL|ACK|HELLO
[   41.21s] SIGIL|ACK|HELLO
[   43.03s] SIGIL|ACK|HELLO
[   45.18s] SIGIL|ACK|HELLO
[   47.01s] SIGIL|ACK|HELLO
[   49.13s] SIGIL|ACK|HELLO
[   51.25s] SIGIL|ACK|HELLO
[   53.07s] SIGIL|ACK|HELLO
[   55.19s] SIGIL|ACK|HELLO
[   57.01s] SIGIL|ACK|HELLO
[   64.28s] SIGIL|ATLAS|LOST
[   67.01s] SIGIL|SECURE|SESSION_READY
[   67.01s] SIGIL|ATLAS|RESTORED
[   67.01s] SIGIL|DISPLAY|STATE|0|1
[   67.01s] SIGIL|DISPLAY|STATE|0|1
[   67.31s] SIGIL|ACK|HELLO
[   69.14s] SIGIL|ACK|HELLO
[   71.27s] SIGIL|ACK|HELLO
[   73.09s] SIGIL|ACK|HELLO
[   75.21s] SIGIL|ACK|HELLO
[   77.04s] SIGIL|ACK|HELLO
[   79.18s] SIGIL|ACK|HELLO
[   81.01s] SIGIL|ACK|HELLO
[   83.15s] SIGIL|ACK|HELLO
[   85.29s] SIGIL|ACK|HELLO
[   87.12s] SIGIL|ACK|HELLO
[   89.25s] SIGIL|ACK|HELLO
[   91.09s] SIGIL|ACK|HELLO
[   93.22s] SIGIL|ACK|HELLO
[   95.06s] SIGIL|ACK|HELLO
[   97.19s] SIGIL|ACK|HELLO
[   99.03s] SIGIL|ACK|HELLO
[  101.17s] SIGIL|ACK|HELLO
[  103.30s] SIGIL|ACK|HELLO
[  105.11s] SIGIL|ACK|HELLO
[  107.24s] SIGIL|ACK|HELLO
[  115.41s] SIGIL|ATLAS|LOST
[  117.23s] SIGIL|SECURE|SESSION_READY
[  117.23s] SIGIL|ATLAS|RESTORED
[  117.23s] SIGIL|DISPLAY|STATE|0|1
[  117.23s] SIGIL|DISPLAY|STATE|0|1
[  119.05s] SIGIL|ACK|HELLO
[  120.88s] SIGIL|OTA|ACCEPTED|0.8.2|933088
[  121.18s] SIGIL|OTA|WIFI|192.168.4.4
[  129.72s] SIGIL|OTA|INSTALLED|0.8.2
[  130.63s] ets Jul 29 2019 12:21:46
[  130.63s] 
[  130.63s] rst:0xc (SW_CPU_RESET),boot:0x13 (SPI_FAST_FLASH_BOOT)
[  130.63s] configsip: 0, SPIWP:0xee
[  130.63s] clk_drv:0x00,q_drv:0x00,d_drv:0x00,cs0_drv:0x00,hd_drv:0x00,wp_drv:0x00
[  130.63s] mode:DIO, clock div:2
[  130.63s] load:0x3fff0030,len:1184
[  130.63s] load:0x40078000,len:13232
[  130.63s] load:0x40080400,len:3028
[  130.63s] entry 0x400805e4
[  131.24s] SIGIL|HW|OLED
[  131.24s] 
[  131.24s] SIGIL|BOOT|UNASSIGNED|UNIFIED
[  133.07s] SIGIL|SECURE_LINK|SELF_TEST|PASS|1612ms
[  133.07s] SIGIL|PAIR|LOADED|SECURE
[  133.07s] SIGIL|DISPLAY|OLED|READY|128x64|ROTATION|0
[  133.98s] SIGIL|PAIR|READY|GPIO|0|UP
[  133.98s] SIGIL|DISPLAY|TASK|READY
[  134.29s] SIGIL|MAC|20:E7:C8:94:49:80
[  134.29s] SIGIL|FW|0.8.1-dev
[  134.29s] SIGIL|FW_PRODUCT|3
[  134.29s] SIGIL|ESP_NOW|READY
[  134.29s] SIGIL|READY
[  134.29s] SIGIL|DISPLAY|ASSIGNED|0
[  134.29s] SIGIL|OTA|BOOT|PENDING_VERIFY
[  134.29s] SIGIL|DISPLAY_PROFILE|REQUEST|1
[  134.29s] SIGIL|SECURE|SESSION_READY
[  134.29s] SIGIL|OTA|BOOT|VALID
[  134.29s] SIGIL|DISPLAY|STATE|0|1
[  135.20s] SIGIL|DISPLAY_PROFILE|REQUEST|2
[  135.20s] SIGIL|ACK|9
[  135.20s] SIGIL|DISPLAY_PROFILE|SEAT|A|READY
[  135.20s] SIGIL|DISPLAY_PROFILE|SEAT|B|READY
[  135.20s] SIGIL|DISPLAY_PROFILE|SYNC|COMPLETE
[  136.42s] SIGIL|ACK|HELLO
[  138.24s] SIGIL|ACK|HELLO
[  140.36s] SIGIL|ACK|HELLO
[  142.18s] SIGIL|ACK|HELLO
[  144.31s] SIGIL|ACK|HELLO
[  146.46s] SIGIL|ACK|HELLO
[  148.27s] SIGIL|ACK|HELLO
[  150.41s] SIGIL|ACK|HELLO
[  152.22s] SIGIL|ACK|HELLO
[  154.37s] SIGIL|ACK|HELLO
[  156.22s] SIGIL|ACK|HELLO
[  158.36s] SIGIL|ACK|HELLO
[  160.19s] SIGIL|ACK|HELLO
[  160.19s] # capture end
